******************************************************************************
                  MSP430 Linker PC v4.4.5                      
******************************************************************************
>> Linked Tue Apr 26 01:48:49 2016

OUTPUT FILE NAME:   <FinalProj450.out>
ENTRY POINT SYMBOL: "_c_int00_noargs_noexit"  address: 0000c5d6


MEMORY CONFIGURATION

         name            origin    length      used     unused   attr    fill
----------------------  --------  ---------  --------  --------  ----  --------
  SFR                   00000000   00000010  00000000  00000010  RWIX
  PERIPHERALS_8BIT      00000010   000000f0  00000000  000000f0  RWIX
  PERIPHERALS_16BIT     00000100   00000100  00000000  00000100  RWIX
  RAM                   00000200   00000200  00000090  00000170  RWIX
  INFOD                 00001000   00000040  00000000  00000040  RWIX
  INFOC                 00001040   00000040  00000000  00000040  RWIX
  INFOB                 00001080   00000040  00000000  00000040  RWIX
  INFOA                 000010c0   00000040  00000000  00000040  RWIX
  FLASH                 0000c000   00003fde  00000756  00003888  RWIX
  BSLSIGNATURE          0000ffde   00000002  00000002  00000000  RWIX  ffff 
  INT00                 0000ffe0   00000002  00000002  00000000  RWIX
  INT01                 0000ffe2   00000002  00000000  00000002  RWIX
  INT02                 0000ffe4   00000002  00000002  00000000  RWIX
  INT03                 0000ffe6   00000002  00000002  00000000  RWIX
  INT04                 0000ffe8   00000002  00000000  00000002  RWIX
  INT05                 0000ffea   00000002  00000002  00000000  RWIX
  INT06                 0000ffec   00000002  00000002  00000000  RWIX
  INT07                 0000ffee   00000002  00000002  00000000  RWIX
  INT08                 0000fff0   00000002  00000002  00000000  RWIX
  INT09                 0000fff2   00000002  00000002  00000000  RWIX
  INT10                 0000fff4   00000002  00000002  00000000  RWIX
  INT11                 0000fff6   00000002  00000002  00000000  RWIX
  INT12                 0000fff8   00000002  00000002  00000000  RWIX
  INT13                 0000fffa   00000002  00000002  00000000  RWIX
  INT14                 0000fffc   00000002  00000002  00000000  RWIX
  RESET                 0000fffe   00000002  00000002  00000000  RWIX


SECTION ALLOCATION MAP

 output                                  attributes/
section   page    origin      length       input sections
--------  ----  ----------  ----------   ----------------
.bss       0    00000200    00000021     UNINITIALIZED
                  00000200    00000020     (.common:LCDPhrase)
                  00000220    00000001     (.common:read)

.data      0    00000222    0000001f     UNINITIALIZED
                  00000222    0000000c     LCD.obj (.data)
                  0000022e    00000007     Keypad.obj (.data)
                  00000235    00000001     --HOLE--
                  00000236    00000004     Keypad.obj (.data:password)
                  0000023a    00000003     Keypad.obj (.data:ClrCode)
                  0000023d    00000001     --HOLE--
                  0000023e    00000003     Keypad.obj (.data:Code)

.TI.persistent 
*          0    00000222    00000000     UNINITIALIZED

.stack     0    000003b0    00000050     UNINITIALIZED
                  000003b0    00000002     rts430_eabi.lib : boot.obj (.stack)
                  000003b2    0000004e     --HOLE--

.text      0    0000c000    00000686     
                  0000c000    000001fa     Keypad.obj (.text:StateMachine)
                  0000c1fa    000000fc     Keypad.obj (.text:readPorts)
                  0000c2f6    00000064     rts430_eabi.lib : copy_decompress_rle.obj (.text:__TI_decompress_rle_core)
                  0000c35a    00000058                     : autoinit.obj (.text:_auto_init)
                  0000c3b2    00000044     LCD.obj (.text:USCI0TX_ISR)
                  0000c3f6    00000040     main.obj (.text:main)
                  0000c436    00000040     LCD.obj (.text:moveCursor)
                  0000c476    0000003e     LCD.obj (.text:WDTHandles)
                  0000c4b4    0000003c     Keypad.obj (.text:setupKeypad)
                  0000c4f0    0000003a     LCD.obj (.text:setupLCD_UART)
                  0000c52a    00000032     LCD.obj (.text:writeLCD)
                  0000c55c    00000030     GPIOComms.obj (.text:Port_1_Button)
                  0000c58c    00000026     LCD.obj (.text:clearLCD)
                  0000c5b2    00000024     GPIOComms.obj (.text:checkRX)
                  0000c5d6    0000001a     rts430_eabi.lib : boot_special.obj (.text:_c_int00_noargs_noexit)
                  0000c5f0    00000018     GPIOComms.obj (.text:setIOComms)
                  0000c608    00000014     rts430_eabi.lib : copy_zero_init.obj (.text:decompress:ZI:__TI_zero_init)
                  0000c61c    00000012                     : copy_decompress_none.obj (.text:decompress:none:__TI_decompress_none)
                  0000c62e    00000012                     : memcpy.obj (.text:memcpy)
                  0000c640    00000010                     : epilog.obj (.text)
                  0000c650    0000000c     GPIOComms.obj (.text:sendFPUnlock)
                  0000c65c    00000008     GPIOComms.obj (.text:sendEnroll)
                  0000c664    00000008     GPIOComms.obj (.text:sendUnlock)
                  0000c66c    00000006     Keypad.obj (.text:FPstate)
                  0000c672    00000006     rts430_eabi.lib : isr_trap.obj (.text:_isr:__TI_ISR_TRAP)
                  0000c678    00000006                     : copy_decompress_rle.obj (.text:decompress:rle24:__TI_decompress_rle24)
                  0000c67e    00000004                     : pre_init.obj (.text:_system_pre_init)
                  0000c682    00000004                     : exit.obj (.text:abort)

.const     0    0000c686    000000aa     
                  0000c686    00000074     Keypad.obj (.const:.string)
                  0000c6fa    00000024     GPIOComms.obj (.const:.string)
                  0000c71e    00000012     main.obj (.const:.string)

.cinit     0    0000c730    00000026     
                  0000c730    00000014     (.cinit..data.load) [load image, compression = rle]
                  0000c744    00000006     (__TI_handler_table)
                  0000c74a    00000004     (.cinit..bss.load) [load image, compression = zero_init]
                  0000c74e    00000008     (__TI_cinit_table)

.init_array 
*          0    0000c000    00000000     UNINITIALIZED

TRAPINT    0    0000ffe0    00000002     
                  0000ffe0    00000002     rts430_eabi.lib : int00.obj (.int00)

$fill000   0    0000ffde    00000002     
                  0000ffde    00000002     --HOLE-- [fill = ffff]

PORT1      0    0000ffe4    00000002     
                  0000ffe4    00000002     GPIOComms.obj (.int02)

PORT2      0    0000ffe6    00000002     
                  0000ffe6    00000002     Keypad.obj (.int03)

ADC10      0    0000ffea    00000002     
                  0000ffea    00000002     rts430_eabi.lib : int05.obj (.int05)

USCIAB0TX 
*          0    0000ffec    00000002     
                  0000ffec    00000002     LCD.obj (.int06)

USCIAB0RX 
*          0    0000ffee    00000002     
                  0000ffee    00000002     rts430_eabi.lib : int07.obj (.int07)

TIMER0_A1 
*          0    0000fff0    00000002     
                  0000fff0    00000002     rts430_eabi.lib : int08.obj (.int08)

TIMER0_A0 
*          0    0000fff2    00000002     
                  0000fff2    00000002     rts430_eabi.lib : int09.obj (.int09)

WDT        0    0000fff4    00000002     
                  0000fff4    00000002     LCD.obj (.int10)

COMPARATORA 
*          0    0000fff6    00000002     
                  0000fff6    00000002     rts430_eabi.lib : int11.obj (.int11)

TIMER1_A1 
*          0    0000fff8    00000002     
                  0000fff8    00000002     rts430_eabi.lib : int12.obj (.int12)

TIMER1_A0 
*          0    0000fffa    00000002     
                  0000fffa    00000002     rts430_eabi.lib : int13.obj (.int13)

NMI        0    0000fffc    00000002     
                  0000fffc    00000002     rts430_eabi.lib : int14.obj (.int14)

.reset     0    0000fffe    00000002     
                  0000fffe    00000002     rts430_eabi.lib : boot.obj (.reset)


LINKER GENERATED COPY TABLES

__TI_cinit_table @ 0000c74e records: 2, size/record: 4, table size: 8
	.data: load addr=0000c730, load size=00000014 bytes, run addr=00000222, run size=0000001f bytes, compression=rle
	.bss: load addr=0000c74a, load size=00000004 bytes, run addr=00000200, run size=00000021 bytes, compression=zero_init


LINKER GENERATED HANDLER TABLE

__TI_handler_table @ 0000c744 records: 3, size/record: 2, table size: 6
	index: 0, handler: __TI_zero_init
	index: 1, handler: __TI_decompress_rle24
	index: 2, handler: __TI_decompress_none


GLOBAL SYMBOLS: SORTED ALPHABETICALLY BY Name 

address   name                    
-------   ----                    
0000004a  ADC10AE0                
000001b0  ADC10CTL0               
000001b2  ADC10CTL1               
00000048  ADC10DTC0               
00000049  ADC10DTC1               
000001b4  ADC10MEM                
000001bc  ADC10SA                 
00000057  BCSCTL1                 
00000058  BCSCTL2                 
00000053  BCSCTL3                 
0000c682  C$$EXIT                 
00000059  CACTL1                  
0000005a  CACTL2                  
000010fb  CALBC1_12MHZ            
000010f9  CALBC1_16MHZ            
000010ff  CALBC1_1MHZ             
000010fd  CALBC1_8MHZ             
000010fa  CALDCO_12MHZ            
000010f8  CALDCO_16MHZ            
000010fe  CALDCO_1MHZ             
000010fc  CALDCO_8MHZ             
0000005b  CAPD                    
0000023a  ClrCode                 
0000023e  Code                    
00000056  DCOCTL                  
00000128  FCTL1                   
0000012a  FCTL2                   
0000012c  FCTL3                   
0000c66c  FPstate                 
00000000  IE1                     
00000001  IE2                     
00000002  IFG1                    
00000003  IFG2                    
00000228  LCDCount                
00000226  LCDEndPhrase            
00000222  LCDIt                   
00000200  LCDPhrase               
00000224  LCDwordLength           
00000022  P1DIR                   
00000025  P1IE                    
00000024  P1IES                   
00000023  P1IFG                   
00000020  P1IN                    
00000021  P1OUT                   
00000027  P1REN                   
00000026  P1SEL                   
00000041  P1SEL2                  
0000002a  P2DIR                   
0000002d  P2IE                    
0000002c  P2IES                   
0000002b  P2IFG                   
00000028  P2IN                    
00000029  P2OUT                   
0000002f  P2REN                   
0000002e  P2SEL                   
00000042  P2SEL2                  
0000001a  P3DIR                   
00000018  P3IN                    
00000019  P3OUT                   
00000010  P3REN                   
0000001b  P3SEL                   
00000043  P3SEL2                  
00000232  Port1In                 
00000233  Port2In                 
0000c55c  Port_1_Button           
0000c000  StateMachine            
00000172  TA0CCR0                 
00000174  TA0CCR1                 
00000176  TA0CCR2                 
00000162  TA0CCTL0                
00000164  TA0CCTL1                
00000166  TA0CCTL2                
00000160  TA0CTL                  
0000012e  TA0IV                   
00000170  TA0R                    
00000192  TA1CCR0                 
00000194  TA1CCR1                 
00000196  TA1CCR2                 
00000182  TA1CCTL0                
00000184  TA1CCTL1                
00000186  TA1CCTL2                
00000180  TA1CTL                  
0000011e  TA1IV                   
00000190  TA1R                    
000010db  TLV_ADC10_1_LEN         
000010da  TLV_ADC10_1_TAG         
000010c0  TLV_CHECKSUM            
000010f7  TLV_DCO_30_LEN          
000010f6  TLV_DCO_30_TAG          
0000005d  UCA0ABCTL               
00000062  UCA0BR0                 
00000063  UCA0BR1                 
00000060  UCA0CTL0                
00000061  UCA0CTL1                
0000005f  UCA0IRRCTL              
0000005e  UCA0IRTCTL              
00000064  UCA0MCTL                
00000066  UCA0RXBUF               
00000065  UCA0STAT                
00000067  UCA0TXBUF               
0000006a  UCB0BR0                 
0000006b  UCB0BR1                 
00000068  UCB0CTL0                
00000069  UCB0CTL1                
0000006c  UCB0I2CIE               
00000118  UCB0I2COA               
0000011a  UCB0I2CSA               
0000006e  UCB0RXBUF               
0000006d  UCB0STAT                
0000006f  UCB0TXBUF               
0000c3b2  USCI0TX_ISR             
00000120  WDTCTL                  
0000c476  WDTHandles              
00000400  __STACK_END             
00000050  __STACK_SIZE            
0000c74e  __TI_CINIT_Base         
0000c756  __TI_CINIT_Limit        
0000c744  __TI_Handler_Table_Base 
0000c74a  __TI_Handler_Table_Limit
UNDEFED   __TI_INITARRAY_Base     
UNDEFED   __TI_INITARRAY_Limit    
0000c672  __TI_ISR_TRAP           
0000c61c  __TI_decompress_none    
0000c678  __TI_decompress_rle24   
0000ffe0  __TI_int00              
0000ffe4  __TI_int02              
0000ffe6  __TI_int03              
0000ffea  __TI_int05              
0000ffec  __TI_int06              
0000ffee  __TI_int07              
0000fff0  __TI_int08              
0000fff2  __TI_int09              
0000fff4  __TI_int10              
0000fff6  __TI_int11              
0000fff8  __TI_int12              
0000fffa  __TI_int13              
0000fffc  __TI_int14              
0000c608  __TI_zero_init          
ffffffff  __binit__               
ffffffff  __c_args__              
0000c64c  __mspabi_func_epilog_1  
0000c64a  __mspabi_func_epilog_2  
0000c648  __mspabi_func_epilog_3  
0000c646  __mspabi_func_epilog_4  
0000c644  __mspabi_func_epilog_5  
0000c642  __mspabi_func_epilog_6  
0000c640  __mspabi_func_epilog_7  
0000c35a  _auto_init              
0000c5d6  _c_int00_noargs_noexit  
0000fffe  _reset_vector           
000003b0  _stack                  
0000c67e  _system_pre_init        
0000c682  abort                   
ffffffff  binit                   
0000022e  botRow                  
0000c5b2  checkRX                 
0000c58c  clearLCD                
00000234  codeIndex               
00000231  count                   
00000230  index                   
0000c3f6  main                    
0000c62e  memcpy                  
0000c436  moveCursor              
00000236  password                
00000220  read                    
0000c1fa  readPorts               
0000c65c  sendEnroll              
0000c650  sendFPUnlock            
0000c664  sendUnlock              
0000c5f0  setIOComms              
0000c4b4  setupKeypad             
0000c4f0  setupLCD_UART           
0000022f  state                   
0000022a  wdtcount                
0000022c  wdtstate                
0000c52a  writeLCD                


GLOBAL SYMBOLS: SORTED BY Symbol Address 

address   name                    
-------   ----                    
00000000  IE1                     
00000001  IE2                     
00000002  IFG1                    
00000003  IFG2                    
00000010  P3REN                   
00000018  P3IN                    
00000019  P3OUT                   
0000001a  P3DIR                   
0000001b  P3SEL                   
00000020  P1IN                    
00000021  P1OUT                   
00000022  P1DIR                   
00000023  P1IFG                   
00000024  P1IES                   
00000025  P1IE                    
00000026  P1SEL                   
00000027  P1REN                   
00000028  P2IN                    
00000029  P2OUT                   
0000002a  P2DIR                   
0000002b  P2IFG                   
0000002c  P2IES                   
0000002d  P2IE                    
0000002e  P2SEL                   
0000002f  P2REN                   
00000041  P1SEL2                  
00000042  P2SEL2                  
00000043  P3SEL2                  
00000048  ADC10DTC0               
00000049  ADC10DTC1               
0000004a  ADC10AE0                
00000050  __STACK_SIZE            
00000053  BCSCTL3                 
00000056  DCOCTL                  
00000057  BCSCTL1                 
00000058  BCSCTL2                 
00000059  CACTL1                  
0000005a  CACTL2                  
0000005b  CAPD                    
0000005d  UCA0ABCTL               
0000005e  UCA0IRTCTL              
0000005f  UCA0IRRCTL              
00000060  UCA0CTL0                
00000061  UCA0CTL1                
00000062  UCA0BR0                 
00000063  UCA0BR1                 
00000064  UCA0MCTL                
00000065  UCA0STAT                
00000066  UCA0RXBUF               
00000067  UCA0TXBUF               
00000068  UCB0CTL0                
00000069  UCB0CTL1                
0000006a  UCB0BR0                 
0000006b  UCB0BR1                 
0000006c  UCB0I2CIE               
0000006d  UCB0STAT                
0000006e  UCB0RXBUF               
0000006f  UCB0TXBUF               
00000118  UCB0I2COA               
0000011a  UCB0I2CSA               
0000011e  TA1IV                   
00000120  WDTCTL                  
00000128  FCTL1                   
0000012a  FCTL2                   
0000012c  FCTL3                   
0000012e  TA0IV                   
00000160  TA0CTL                  
00000162  TA0CCTL0                
00000164  TA0CCTL1                
00000166  TA0CCTL2                
00000170  TA0R                    
00000172  TA0CCR0                 
00000174  TA0CCR1                 
00000176  TA0CCR2                 
00000180  TA1CTL                  
00000182  TA1CCTL0                
00000184  TA1CCTL1                
00000186  TA1CCTL2                
00000190  TA1R                    
00000192  TA1CCR0                 
00000194  TA1CCR1                 
00000196  TA1CCR2                 
000001b0  ADC10CTL0               
000001b2  ADC10CTL1               
000001b4  ADC10MEM                
000001bc  ADC10SA                 
00000200  LCDPhrase               
00000220  read                    
00000222  LCDIt                   
00000224  LCDwordLength           
00000226  LCDEndPhrase            
00000228  LCDCount                
0000022a  wdtcount                
0000022c  wdtstate                
0000022e  botRow                  
0000022f  state                   
00000230  index                   
00000231  count                   
00000232  Port1In                 
00000233  Port2In                 
00000234  codeIndex               
00000236  password                
0000023a  ClrCode                 
0000023e  Code                    
000003b0  _stack                  
00000400  __STACK_END             
000010c0  TLV_CHECKSUM            
000010da  TLV_ADC10_1_TAG         
000010db  TLV_ADC10_1_LEN         
000010f6  TLV_DCO_30_TAG          
000010f7  TLV_DCO_30_LEN          
000010f8  CALDCO_16MHZ            
000010f9  CALBC1_16MHZ            
000010fa  CALDCO_12MHZ            
000010fb  CALBC1_12MHZ            
000010fc  CALDCO_8MHZ             
000010fd  CALBC1_8MHZ             
000010fe  CALDCO_1MHZ             
000010ff  CALBC1_1MHZ             
0000c000  StateMachine            
0000c1fa  readPorts               
0000c35a  _auto_init              
0000c3b2  USCI0TX_ISR             
0000c3f6  main                    
0000c436  moveCursor              
0000c476  WDTHandles              
0000c4b4  setupKeypad             
0000c4f0  setupLCD_UART           
0000c52a  writeLCD                
0000c55c  Port_1_Button           
0000c58c  clearLCD                
0000c5b2  checkRX                 
0000c5d6  _c_int00_noargs_noexit  
0000c5f0  setIOComms              
0000c608  __TI_zero_init          
0000c61c  __TI_decompress_none    
0000c62e  memcpy                  
0000c640  __mspabi_func_epilog_7  
0000c642  __mspabi_func_epilog_6  
0000c644  __mspabi_func_epilog_5  
0000c646  __mspabi_func_epilog_4  
0000c648  __mspabi_func_epilog_3  
0000c64a  __mspabi_func_epilog_2  
0000c64c  __mspabi_func_epilog_1  
0000c650  sendFPUnlock            
0000c65c  sendEnroll              
0000c664  sendUnlock              
0000c66c  FPstate                 
0000c672  __TI_ISR_TRAP           
0000c678  __TI_decompress_rle24   
0000c67e  _system_pre_init        
0000c682  C$$EXIT                 
0000c682  abort                   
0000c744  __TI_Handler_Table_Base 
0000c74a  __TI_Handler_Table_Limit
0000c74e  __TI_CINIT_Base         
0000c756  __TI_CINIT_Limit        
0000ffe0  __TI_int00              
0000ffe4  __TI_int02              
0000ffe6  __TI_int03              
0000ffea  __TI_int05              
0000ffec  __TI_int06              
0000ffee  __TI_int07              
0000fff0  __TI_int08              
0000fff2  __TI_int09              
0000fff4  __TI_int10              
0000fff6  __TI_int11              
0000fff8  __TI_int12              
0000fffa  __TI_int13              
0000fffc  __TI_int14              
0000fffe  _reset_vector           
ffffffff  __binit__               
ffffffff  __c_args__              
ffffffff  binit                   
UNDEFED   __TI_INITARRAY_Base     
UNDEFED   __TI_INITARRAY_Limit    

[176 symbols]
